Total Price: 0
Cart Data JSON: [{"id":"27","name":"MAC Colour Excess Gel Pencil Eye Liner","price":"350.00","shade_product_id":"36","shade_color":"#4946d2","images":["http://localhost/cosmetic/admin/components/uploads/1751875332_img-4-1.jpg","http://localhost/cosmetic/admin/components/uploads/1751875332_img-4-2.jpg","http://localhost/cosmetic/admin/components/uploads/1751875332_img-4-3.jpg","http://localhost/cosmetic/admin/components/uploads/1751875332_img-4-4.jpg"],"quantity":10}]
Total Price: 3500
Address inserted ID: 7
Payment inserted with ID: PAY_69027c4513f71
Order created with ID: 7
Total Price: 0
Total Price: 0
Cart Data JSON: [{"id":"29","name":"Glow Obsessions Highlighter Palette","price":"3000.00","shade_product_id":"38","shade_color":"#e7abab","images":["http://localhost/cosmetic/admin/components/uploads/1767200324_Glow-Obsessions-Medium-3-1-1.png","http://localhost/cosmetic/admin/components/uploads/1767200324_Glow-Obsessions-Medium-3-1-2.png","http://localhost/cosmetic/admin/components/uploads/1767200324_Glow-Obsessions-Medium-3-1-3.png","http://localhost/cosmetic/admin/components/uploads/1767200324_Glow-Obsessions-Medium-3-1-4.jpg"],"quantity":1}]
Total Price: 3000
Total Price: 0
Cart Data JSON: [{"id":"29","name":"Glow Obsessions Highlighter Palette","price":"3000.00","shade_product_id":"38","shade_color":"#e7abab","images":["http://localhost/cosmetic/admin/components/uploads/1767200324_Glow-Obsessions-Medium-3-1-1.png","http://localhost/cosmetic/admin/components/uploads/1767200324_Glow-Obsessions-Medium-3-1-2.png","http://localhost/cosmetic/admin/components/uploads/1767200324_Glow-Obsessions-Medium-3-1-3.png","http://localhost/cosmetic/admin/components/uploads/1767200324_Glow-Obsessions-Medium-3-1-4.jpg"],"quantity":1}]
Total Price: 3000
Address inserted ID: 8
Payment inserted with ID: PAY_6955577addf59
Order created with ID: 8
Total Price: 0
Cart Data JSON: [{"id":"29","name":"Glow Obsessions Highlighter Palette","price":"3000.00","shade_product_id":"38","shade_color":"#e7abab","images":["http://localhost/cosmetic/admin/components/uploads/1767200324_Glow-Obsessions-Medium-3-1-1.png","http://localhost/cosmetic/admin/components/uploads/1767200324_Glow-Obsessions-Medium-3-1-2.png","http://localhost/cosmetic/admin/components/uploads/1767200324_Glow-Obsessions-Medium-3-1-3.png","http://localhost/cosmetic/admin/components/uploads/1767200324_Glow-Obsessions-Medium-3-1-4.jpg"],"quantity":1}]
Total Price: 3000
Address inserted ID: 9
Payment inserted with ID: PAY_6955666cec89f
Order created with ID: 1
Total Price: 0
Cart Data JSON: [{"id":"27","name":"MAC Colour Excess Gel Pencil Eye Liner","price":"350.00","shade_product_id":"36","shade_color":"#4946d2","images":["http://localhost/cosmetic/admin/components/uploads/1751875332_img-4-1.jpg","http://localhost/cosmetic/admin/components/uploads/1751875332_img-4-2.jpg","http://localhost/cosmetic/admin/components/uploads/1751875332_img-4-3.jpg","http://localhost/cosmetic/admin/components/uploads/1751875332_img-4-4.jpg"],"quantity":1}]
Total Price: 350
Address inserted ID: 10
Payment inserted with ID: PAY_6955672eb3a55
Order created with ID: 2
Total Price: 0
